exports[`Carousel renders a initial view 1`] = `"<div style=\"position:relative;width:500px;height:250px;overflow:hidden;\"><div style=\"position:relative;height:200px;\"><div style=\"position:absolute;left:0;top:0;\"><div class=\"react-reveal\">Test test</div></div><div style=\"position:absolute;left:0;top:0;\"><div class=\"react-reveal\" style=\"opacity:0;\">Test test</div></div></div><div data-position=\"-1\" style=\"line-height:250px;text-align:center;position:absolute;left:0;top:0;width:10%;font-size:4em;cursor:pointer;user-select:none;\"> &lt; </div><div data-position=\"1\" style=\"line-height:250px;text-align:center;position:absolute;left:90%;top:0;width:10%;font-size:4em;cursor:pointer;\"> &gt; </div><div style=\"text-align:center;\"><span style=\"font-size:1.5em;cursor:pointer;\" data-position=\"0\"> ● </span><span style=\"font-size:1.5em;cursor:pointer;\" data-position=\"1\"> ○ </span></div></div>"`;
